// Jest Snapshot v1, https://goo.gl/fbAQLP

exports[`WikiLayout should render properly 1`] = `
<body>
  <div />
</body>
`;
